[https://gatherstar.io/doc/gatherstar/index.html]
[backblue.gif]
[fade.gif]
[index.html]
[docs.exads.com/img/docusaurus.png]
[docs.exads.com/img/favicon.png]
[cdn.jsdelivr.net/docsearch.js/1/docsearch.min.css]
[cdnjs.cloudflare.com/ajax/libs/highlight.js/9.12.0/styles/default.min.css]
[cdn.cookielaw.org/consent/ddf2749f-45af-42cb-91a1-cca420436707/OtAutoBlock.js]
[docs.exads.com/js/cookielaw.js]
[docs.exads.com/js/postback.js]
[cdn.cookielaw.org/scripttemplates/otSDKStub.js]
[docs.exads.com/js/scrollSpy.js]
[docs.exads.com/css/main.css]
[docs.exads.com/js/codetabs.js]
[docs.exads.com/img/exads.svg]
[docs.exads.com/docs/introduction/index.html]
[docs.exads.com/docs/advertisers-introduction/index.html]
[docs.exads.com/docs/publishers-introduction/index.html]
[docs.exads.com/docs/rtb-demand/index.html]
[docs.exads.com/docs/api-manual-overview/index.html]
[docs.exads.com/docs/api-manual-overview/index.html]
[docs.exads.com/img/home/home_general.png]
[docs.exads.com/docs/advertiser-dashboard/index.html]
[docs.exads.com/img/home/home_advertisers.png]
[docs.exads.com/docs/publisher-dashboard/index.html]
[docs.exads.com/img/home/home_publishers.png]
[docs.exads.com/docs/rtb-supply/index.html]
[docs.exads.com/img/home/home_rtb.png]
[docs.exads.com/img/home/home_other.png]
[https://gatherstar.io/doc/gatherstar/index.html]
[docs.exads.com/img/docusaurus.html]
[cdn.jsdelivr.net/docsearch.js/1/docsearch.min.css]
[cdnjs.cloudflare.com/ajax/libs/highlight.js/9.12.0/styles/default.min.css]
[docs.exads.com/css/main.css]
[docs.exads.com/img/exads.svg]
[docs.exads.com/docs/blog-conversion-count-and-tracking-window/index.html]
[cdn.jsdelivr.net/docsearch.js/1/docsearch.min.js]
[docs.exads.com/docs/gdpr-compliance/index.html]
[docs.exads.com/docs/dsa/index.html]
[docs.exads.com/docs/General-IAB-TCFv2.0/index.html]
[docs.exads.com/docs/glossary/index.html]
[docs.exads.com/docs/two-factor-authentication/index.html]
[docs.exads.com/docs/ad-formats/index.html]
[docs.exads.com/docs/videos/index.html]
[docs.exads.com/docs/notifications/index.html]
[docs.exads.com/docs/General-Responsive-Display-Ads/index.html]
[docs.exads.com/docs/assets/hires/introduction-image.png]
[docs.exads.com/docs/introduction/index.html]
[docs.exads.com/docs/advertiser-statistics/index.html]
[docs.exads.com/docs/create-campaign-step1/index.html]
[docs.exads.com/docs/create-campaign-step2/index.html]
[docs.exads.com/docs/create-campaign-step3/index.html]
[docs.exads.com/docs/create-campaign-step4/index.html]
[docs.exads.com/docs/create-campaign-step5/index.html]
[docs.exads.com/docs/conversion-tracking/index.html]
[docs.exads.com/docs/conversion-tracking-voluum/index.html]
[docs.exads.com/docs/campaigns-list/index.html]
[docs.exads.com/docs/offer-landing-pages/index.html]
[docs.exads.com/docs/bidder/index.html]
[docs.exads.com/docs/media-library/index.html]
[docs.exads.com/docs/iframe-events/index.html]
[docs.exads.com/docs/third-party-adserving/index.html]
[docs.exads.com/docs/smart-bid-pricing-model/index.html]
[docs.exads.com/docs/advertiser-payments/index.html]
[docs.exads.com/docs/marketplace/index.html]
[docs.exads.com/docs/assets/animated/tour-advertiser.gif]
[docs.exads.com/docs/advertisers-introduction/index.html]
[docs.exads.com/docs/publisher-statistics/index.html]
[docs.exads.com/docs/create-site/index.html]
[docs.exads.com/docs/create-zone/index.html]
[docs.exads.com/docs/subids/index.html]
[docs.exads.com/docs/additional-subids/index.html]
[docs.exads.com/docs/using-tags/index.html]
[docs.exads.com/docs/data-ad-block-types/index.html]
[docs.exads.com/docs/dfi-mfi-display-notification-events/index.html]
[docs.exads.com/docs/dfi-mfi-html-events/index.html]
[docs.exads.com/docs/fpi-popunder-capping-option/index.html]
[docs.exads.com/docs/native-ad-setup/index.html]
[docs.exads.com/docs/publisher-internal-campaign/index.html]
[docs.exads.com/docs/publisher-payments/index.html]
[docs.exads.com/docs/publisher-referral-program/index.html]
[docs.exads.com/docs/neverblock/index.html]
[docs.exads.com/docs/vast-introduction/index.html]
[docs.exads.com/docs/vast-tag/index.html]
[docs.exads.com/docs/vast-wrapper/index.html]
[docs.exads.com/docs/assets/animated/tour-publisher.gif]
[docs.exads.com/docs/publishers-introduction/index.html]
[docs.exads.com/docs/custom-tracking-urls/index.html]
[docs.exads.com/docs/ad-exchange-partners-advertisers/index.html]
[docs.exads.com/docs/advertising-demand/index.html]
[docs.exads.com/docs/rtb-advertisers/open-rtb/open-rtb-advertisers/index.html]
[docs.exads.com/docs/rtb-advertisers/open-rtb/bid-request/open-rtb-advertisers-request/index.html]
[docs.exads.com/docs/rtb-advertisers/open-rtb/bid-response/open-rtb-advertisers-response/index.html]
[docs.exads.com/docs/open-rtb-2p5-adv-request-generic/index.html]
[docs.exads.com/docs/open-rtb-2p5-adv-response-generic/index.html]
[docs.exads.com/docs/open-rtb-advertisers-request-2p5/index.html]
[docs.exads.com/docs/open-rtb-advertisers-response-2p5/index.html]
[docs.exads.com/docs/rtb-advertisers/exads-rtb/exads-rtb-advertisers/index.html]
[docs.exads.com/docs/rtb-advertisers/exads-rtb/bid-request/exads-rtb-advertisers-request/index.html]
[docs.exads.com/docs/rtb-advertisers/exads-rtb/bid-response/exads-rtb-advertisers-response/index.html]
[docs.exads.com/docs/ad-exchange-partners-publishers/index.html]
[docs.exads.com/docs/publishing-supply/index.html]
[docs.exads.com/docs/rtb-publishers/open-rtb/open-rtb-publishers/index.html]
[docs.exads.com/docs/rtb-publishers/open-rtb/bid-request/open-rtb-publishers-request/index.html]
[docs.exads.com/docs/rtb-publishers/open-rtb/bid-response/open-rtb-publishers-response/index.html]
[docs.exads.com/docs/open-rtb-2p5-pub-request-generic/index.html]
[docs.exads.com/docs/open-rtb-2p5-pub-response-generic/index.html]
[docs.exads.com/docs/open-rtb-2p5-pub-request/index.html]
[docs.exads.com/docs/open-rtb-2p5-pub-response/index.html]
[docs.exads.com/docs/rtb-publishers/exads-rtb/exads-rtb-publishers/index.html]
[docs.exads.com/docs/rtb-publishers/exads-rtb/bid-request/exads-rtb-publishers-request/index.html]
[docs.exads.com/docs/rtb-demand/index.html]
[docs.exads.com/docs/rtb-publishers/exads-rtb/bid-response/exads-rtb-publishers-response/index.html]
[docs.exads.com/docs/rtb-advertisers/ip-networks/ip-networks/index.html]
[docs.exads.com/docs/developer-api/index.html]
[docs.exads.com/docs/api-manual-versions/index.html]
[docs.exads.com/docs/api-manual-interface/index.html]
[docs.exads.com/docs/api-manual-http-headers/index.html]
[docs.exads.com/docs/api-manual-http-verbs/index.html]
[docs.exads.com/docs/api-manual-returned-data/index.html]
[docs.exads.com/docs/api-manual-errors/index.html]
[docs.exads.com/docs/api-manual-macros/index.html]
[docs.exads.com/docs/api-manual-pagination/index.html]
[docs.exads.com/docs/api-manual-rate-limiting/index.html]
[docs.exads.com/docs/api-manual-global-stats/index.html]
[docs.exads.com/docs/api-manual-php-examples/index.html]
[docs.exads.com/docs/ad-placement-api-overview/index.html]
[docs.exads.com/docs/ad-plac-request/index.html]
[docs.exads.com/docs/ad-plac-response/index.html]
[docs.exads.com/docs/ad-plac-errors/index.html]
[docs.exads.com/docs/ad-plac-error-examples/index.html]
[docs.exads.com/docs/api-manual-overview/index.html]
[docs.exads.com/docs/ad-plac-renderers/index.html]
[docs.exads.com/docs/conversion-tracking-api/index.html]
[docs.exads.com/docs/blog-bitpay-payment-publishers/index.html]
[docs.exads.com/docs/blog-auto-recharge-safecharge/index.html]
[docs.exads.com/docs/blog-saving-filters-on-statistics/index.html]
[docs.exads.com/docs/blog-unionpay-with-safecharge-integration/index.html]
[docs.exads.com/docs/blog-bidder-improvements-for-targeting-zones/index.html]
[docs.exads.com/docs/blog-notifications-system/index.html]
[docs.exads.com/docs/blog-drag-and-drop-dashboard/index.html]
[docs.exads.com/docs/blog-video-cta/index.html]
[docs.exads.com/docs/blog-adding-new-dashboards/index.html]
[docs.exads.com/docs/blog-safecharge-card-payments-integration/index.html]
[docs.exads.com/docs/blog-Circle-Advertiser-Payment/index.html]
[docs.exads.com/docs/blog-conversion-tracking-improvements/index.html]
[docs.exads.com/docs/blog-IAB-TCFv2.0/index.html]
[docs.exads.com/docs/blog-dashboard-custom-title/index.html]
[docs.exads.com/docs/blog-Native-Campaigns-On-Push-and-In-page-Push-Notifications-Zones/index.html]
[docs.exads.com/docs/blog-saved-cards-for-payment/index.html]
[docs.exads.com/docs/blog-changes-media-library/index.html]
[docs.exads.com/docs/blog-auto-recharge-card-payment/index.html]
[docs.exads.com/docs/blog-Circle-Payment/index.html]
[docs.exads.com/docs/blog-accountwide-blocking-sites/index.html]
[docs.exads.com/docs/blog-bidder-improvements/index.html]
[docs.exads.com/docs/blog-In-page-Push-Notifications/index.html]
[docs.exads.com/docs/blog-frequency-capping-cpc-campaigns/index.html]
[docs.exads.com/docs/blog-subid-targeting/index.html]
[docs.exads.com/docs/blog-creativedisplayed-event/index.html]
[docs.exads.com/docs/blog-campaign-site-block-target/index.html]
[docs.exads.com/docs/blog-multi-format-statistics/index.html]
[docs.exads.com/docs/blog-multi-format-ad-zones/index.html]
[docs.exads.com/docs/blog-announce-async-tags/index.html]
[docs.exads.com/docs/blog-dash-filter/index.html]
[docs.exads.com/docs/blog-exads-status/index.html]
[docs.exads.com/docs/blog-outstream-video/index.html]
[docs.exads.com/docs/blog-rtb-mobile-desktop/index.html]
[docs.exads.com/docs/blog-rtb-email-clicks/index.html]
[docs.exads.com/docs/blog-heavy-banner-limits/index.html]
[docs.exads.com/docs/blog-ad-formats-cleanup/index.html]
[docs.exads.com/docs/blog-desktop-interstitial/index.html]
[docs.exads.com/docs/blog-native-ads/index.html]
[docs.exads.com/docs/blog-dashboard-dimensions/index.html]
[docs.exads.com/docs/blog-google-compliance/index.html]
[docs.exads.com/docs/blog-archive-variations/index.html]
[docs.exads.com/docs/blog-dashboard-combo/index.html]
[docs.exads.com/docs/blog-localisation-changes/index.html]
[docs.exads.com/docs/blog-floor-pricing/index.html]
[docs.exads.com/docs/blog-heavy-banner/index.html]
[docs.exads.com/docs/blog-media-library-video/index.html]
[docs.exads.com/docs/blog-video-slider-density/index.html]
[docs.exads.com/docs/blog-push-notifications-720x480/index.html]
[docs.exads.com/docs/blog-dashboard-customization/index.html]
[docs.exads.com/docs/blog-smart-cpc/index.html]
[docs.exads.com/docs/blog-click-frequency/index.html]
[docs.exads.com/docs/blog-creatives-optimization/index.html]
[docs.exads.com/docs/blog-chrome-only/index.html]
[docs.exads.com/docs/blog-hour-day-intervals/index.html]
[docs.exads.com/docs/blog-mobile-interstitial/index.html]
[docs.exads.com/docs/blog-campaign-flow-updates/index.html]
[docs.exads.com/docs/blog-chrome-popup/index.html]
[docs.exads.com/docs/blog-rtb-wins-notice/index.html]
[docs.exads.com/docs/blog-impressions-delivery-mode/index.html]
[docs.exads.com/docs/blog-copy-visible-data/index.html]
[docs.exads.com/docs/blog-format-filtering/index.html]
[docs.exads.com/docs/blog-vr-detection/index.html]
[docs.exads.com/docs/blog-browser-detection/index.html]
[docs.exads.com/docs/blog-media-library/index.html]
[docs.exads.com/docs/blog-dynamic-tokens/index.html]
[docs.exads.com/docs/blog-bulk-update/index.html]
[docs.exads.com/docs/blog-os-device-detection/index.html]
[docs.exads.com/docs/blog-cpc-changes/index.html]
[docs.exads.com/docs/blog-rtb-direct-link/index.html]
[docs.exads.com/docs/blog-ui-changes/index.html]
[docs.exads.com/docs/assets/blog/ad-refresh.png]
[docs.exads.com/docs/api-manual-overview/index.html]
[docs.exads.com/docs/assets/hires/advertiser-dashboard-blue.png]
[docs.exads.com/docs/assets/hires/advertiser-dashboard-a-b.png]
[docs.exads.com/docs/assets/hires/advertiser-dashboard-c.png]
[docs.exads.com/docs/assets/hires/advertiser-dashboard-d-e-f.png]
[docs.exads.com/docs/assets/hires/later-earlier-graph.png]
[docs.exads.com/docs/assets/hires/spend-campaign-cost.png]
[docs.exads.com/docs/assets/hires/adv-dashboard-action-icons.png]
[docs.exads.com/docs/assets/hires/dash-custom-advertiser.png]
[docs.exads.com/docs/assets/hires/dashboard-delete-widget.png]
[docs.exads.com/docs/assets/hires/dashboard-add-widget.png]
[docs.exads.com/docs/assets/hires/adv-dashboard-filter.png]
[docs.exads.com/docs/assets/hires/filters-applied.png]
[docs.exads.com/docs/assets/hires/dashboard-adding-new-dashboard.png]
[docs.exads.com/docs/assets/hires/dashboard-new-eidgets.png]
[docs.exads.com/docs/assets/hires/dashboard-renaming-a-dashboard.png]
[docs.exads.com/docs/assets/hires/dashboard-delete-a-dashboard.png]
[docs.exads.com/docs/assets/hires/dashboard-fourheaded-cursor.png]
[docs.exads.com/docs/assets/hires/dashboard-twoheaded-cursor.png]
[docs.exads.com/docs/advertiser-dashboard/index.html]
[docs.exads.com/docs/assets/hires/publisher-dashboard-blue.png]
[docs.exads.com/docs/assets/hires/publisher-dashboard-a-b.png]
[docs.exads.com/docs/assets/hires/publisher-dashboard-c.png]
[docs.exads.com/docs/assets/hires/publisher-dashboard-d-e-f.png]
[docs.exads.com/docs/assets/hires/later-earlier-revenue-graph.png]
[docs.exads.com/docs/assets/hires/revenue-country-revenue.png]
[docs.exads.com/docs/assets/hires/pub-dashboard-action-icons.png]
[docs.exads.com/docs/assets/hires/dash-custom-publisher.png]
[docs.exads.com/docs/assets/hires/pub-dashboard-filter.png]
[docs.exads.com/docs/assets/hires/dashboard-pub-fourheaded-cursor.png]
[docs.exads.com/docs/assets/hires/dashboard-pub-twoheaded-cursor.png]
[docs.exads.com/docs/publisher-dashboard/index.html]
[docs.exads.com/docs/rtb-supply/index.html]
[docs.exads.com/docs/assets/hires/conversion-tracking-example-form-7-2023.png]
[docs.exads.com/docs/blog-conversion-count-and-tracking-window/index.html]
[docs.exads.com/docs/gdpr-compliance/index.html]
[docs.exads.com/docs/assets/hires/dsa-i-icon.png]
[docs.exads.com/docs/assets/hires/dsa-about-this-ad.png]
[docs.exads.com/docs/assets/hires/dsa-why-are-you-seeing-this-ad.png]
[docs.exads.com/docs/assets/hires/dsa-publisher.png]
[docs.exads.com/docs/dsa/index.html]
[docs.exads.com/docs/General-IAB-TCFv2.0/index.html]
[docs.exads.com/docs/glossary/index.html]
[docs.exads.com/docs/assets/hires/account-details-menu.png]
[docs.exads.com/docs/assets/hires/myprofile-2fa.png]
[docs.exads.com/docs/assets/hires/enable2fa.png]
[docs.exads.com/docs/assets/hires/enabled-2fa-authentication-app.png]
[docs.exads.com/docs/assets/hires/configure-2fa-sms.png]
[docs.exads.com/docs/assets/hires/insert-token-sms.png]
[docs.exads.com/docs/assets/hires/2fa-enabled-all.png]
[docs.exads.com/docs/two-factor-authentication/index.html]
[docs.exads.com/docs/assets/hires/adformats/display-banner.png]
[docs.exads.com/docs/assets/hires/adformats/sticky-banner-1.gif]
[docs.exads.com/docs/assets/hires/adformats/popunders-1.gif]
[docs.exads.com/docs/assets/hires/adformats/instant-message-1.gif]
[docs.exads.com/docs/assets/hires/adformats/desktop-full-interstitial-1.gif]
[docs.exads.com/docs/assets/hires/adformats/direct-link.png]
[docs.exads.com/docs/assets/hires/adformats/email-clicks-mobile-right.gif]
[docs.exads.com/docs/assets/hires/adformats/email-banner.png]
[docs.exads.com/docs/assets/hires/adformats/instream-video.gif]
[docs.exads.com/docs/assets/hires/adformats/video-slider.gif]
[docs.exads.com/docs/assets/hires/outstream-4-editable.gif]
[docs.exads.com/docs/assets/hires/adformats/in-video-banner-1.gif]
[docs.exads.com/docs/assets/hires/adformats/native-recommendation-mobile-2.png]
[docs.exads.com/docs/assets/hires/native-recommendation-anchorpoint.png]
[docs.exads.com/docs/assets/hires/adformats/push-notifications.gif]
[docs.exads.com/docs/assets/hires/adformats/In-Pagepushdisplay.png]
[docs.exads.com/docs/assets/hires/adformats/mobile-fullpage-interstitial.gif]
[docs.exads.com/docs/assets/hires/adformats/multi-format-example.gif]
[docs.exads.com/docs/ad-formats/index.html]
[docs.exads.com/docs/videos/index.html]
[docs.exads.com/docs/assets/hires/application-login.png]
[docs.exads.com/docs/assets/hires/adminpanel-notifications-icon.png]
[docs.exads.com/docs/assets/hires/adminpanel-notifications-page.png]
[docs.exads.com/docs/assets/hires/alert.png]
[docs.exads.com/docs/assets/hires/information.png]
[docs.exads.com/docs/assets/hires/success.png]
[docs.exads.com/docs/notifications/index.html]
[docs.exads.com/docs/assets/hires/RDA-ad.png]
[docs.exads.com/docs/assets/hires/RDA_enable_Advertiser.png]
[docs.exads.com/docs/assets/hires/BannerRDA.png]
[docs.exads.com/docs/General-Responsive-Display-Ads/index.html]
[docs.exads.com/docs/assets/animated/adv-stats-march.gif]
[docs.exads.com/docs/assets/hires/adv-stats-headers.png]
[docs.exads.com/docs/assets/hires/Advertiser_saving_report.png]
[docs.exads.com/docs/assets/hires/Advertiser_savereport_filters.png]
[docs.exads.com/docs/assets/hires/Stats_Save_Saveas.png]
[docs.exads.com/docs/assets/hires/Stats_Rename_Delete_Saved_Reports.png]
[docs.exads.com/docs/assets/hires/statisticstabfilter.png]
[docs.exads.com/docs/assets/hires/Custom_data_range.png]
[docs.exads.com/docs/assets/hires/graphs.png]
[docs.exads.com/docs/assets/hires/graphschoose.png]
[docs.exads.com/docs/assets/hires/Advertiser_Table_Data_Panel.png]
[docs.exads.com/docs/assets/hires/Advertiser_settings_panel_options.png]
[docs.exads.com/docs/assets/hires/statisticsconversiontrackingpanel.png]
[docs.exads.com/docs/assets/hires/statisticsgoalspanel.png]
[docs.exads.com/docs/assets/hires/statisticsrtbpanel.png]
[docs.exads.com/docs/assets/hires/Advertisers_download.png]
[docs.exads.com/docs/assets/hires/Advertisers_Copy_data.png]
[docs.exads.com/docs/advertiser-statistics/index.html]
[docs.exads.com/docs/assets/hires/create-campaign-step-1-merge.png]
[docs.exads.com/docs/assets/hires/general-step1.png]
[docs.exads.com/docs/assets/hires/Step1-rda1.png]
[docs.exads.com/docs/assets/hires/internal-vs-external-campaigns.png]
[docs.exads.com/docs/assets/hires/step1-campaign-types.png]
[docs.exads.com/docs/create-campaign-step1/index.html]
[docs.exads.com/docs/assets/animated/ad-tab.gif]
[docs.exads.com/docs/assets/hires/dynamic-tokens-url.png]
[docs.exads.com/docs/assets/hires/nativeandpush.png]
[docs.exads.com/docs/assets/hires/videocta.png]
[docs.exads.com/docs/assets/hires/banner-custom-fields.png]
[docs.exads.com/docs/assets/animated/1070dynamictokens_1.gif]
[docs.exads.com/docs/assets/hires/tokens-language-new-flow.png]
[docs.exads.com/docs/assets/hires/dynamic-tokens-example.png]
[docs.exads.com/docs/assets/hires/variations-spanish.png]
[docs.exads.com/docs/assets/hires/select-ad-assets.png]
[docs.exads.com/docs/assets/hires/variations-actions.png]
[docs.exads.com/docs/assets/hires/add-custom-tracking-events.gif]
[docs.exads.com/docs/assets/hires/delete-custom-tracking-events.gif]
[docs.exads.com/docs/assets/hires/add-vast-wrapper-custom-tracking-events.gif]
[docs.exads.com/docs/assets/hires/distribution-algorithm-new-flow.png]
[docs.exads.com/docs/assets/hires/fixed-algorithm.png]
[docs.exads.com/docs/create-campaign-step2/index.html]
[docs.exads.com/docs/assets/animated/create-campaign-step3.gif]
[docs.exads.com/docs/assets/hires/tsch.png]
[docs.exads.com/docs/assets/hires/behavioural-retargeting.png]
[docs.exads.com/docs/assets/hires/create-campaign-step3-vr.png]
[docs.exads.com/docs/assets/hires/tar3.png]
[docs.exads.com/docs/assets/hires/tar4.png]
[docs.exads.com/docs/assets/hires/ip-ranges.png]
[docs.exads.com/docs/assets/hires/ip-ranges-formats.png]
[docs.exads.com/docs/create-campaign-step3/index.html]
[docs.exads.com/docs/assets/animated/create-campaign-step4.gif]
[docs.exads.com/docs/assets/hires/daily-limits.png]
[docs.exads.com/docs/assets/hires/total-limits.png]
[docs.exads.com/docs/assets/hires/time-period.png]
[docs.exads.com/docs/assets/hires/smart-bid-target-cpa-bid-strategy.png]
[docs.exads.com/docs/assets/hires/smart-bid-target-roas-bid-strategy.png]
[docs.exads.com/docs/assets/hires/traffic-estimates-box.png]
[docs.exads.com/docs/assets/hires/campaign-budget-distribution.png]
[docs.exads.com/docs/assets/hires/unr.png]
[docs.exads.com/docs/assets/hires/real.png]
[docs.exads.com/docs/assets/hires/frequency-capping-crop.png]
[docs.exads.com/docs/assets/hires/bidder-algo-add.png]
[docs.exads.com/docs/create-campaign-step4/index.html]
[docs.exads.com/docs/assets/hires/create-campaign-step5.png]
[docs.exads.com/docs/assets/hires/step5-bidder-enabled.png]
[docs.exads.com/docs/assets/hires/Step5-filters.png]
[docs.exads.com/docs/assets/hires/Step5-settings1.png]
[docs.exads.com/docs/assets/hires/Step5-settings2.png]
[docs.exads.com/docs/assets/hires/step5-full-list.png]
[docs.exads.com/docs/assets/hires/step5-block.png]
[docs.exads.com/docs/assets/hires/step5-target.png]
[docs.exads.com/docs/assets/hires/sites-blacklist-campaigns-step5.png]
[docs.exads.com/docs/assets/hires/step5-sub-id-edit.png]
[docs.exads.com/docs/assets/hires/step5-sub-id-target.png]
[docs.exads.com/docs/assets/hires/sum.png]
[docs.exads.com/docs/create-campaign-step5/index.html]
[docs.exads.com/docs/assets/hires/create-conversion-tracking-goal.png]
[docs.exads.com/docs/assets/hires/table-data-goals.png]
[docs.exads.com/docs/assets/hires/select-conversion-tracking-method.png]
[docs.exads.com/docs/assets/hires/s2s-ad-destination.png]
[docs.exads.com/docs/assets/hires/conversion-tracking-secret-key.png]
[docs.exads.com/docs/assets/hires/my-conversion-tracking-pixel.png]
[docs.exads.com/docs/assets/hires/my-conversion-tracking-pixel-dynamic-goal.png]
[docs.exads.com/docs/conversion-tracking/index.html]
[docs.exads.com/docs/assets/hires/conversion-tracking-voluum-goal.png]
[docs.exads.com/docs/assets/hires/conversion-tracking-voluum-traffic-source.png]
[docs.exads.com/docs/assets/hires/conversion-tracking-voluum-goal-id.png]
[docs.exads.com/docs/assets/hires/conversion-tracking-voluum-offer.png]
[docs.exads.com/docs/assets/hires/conversion-tracking-voluum-offer2.png]
[docs.exads.com/docs/assets/hires/conversion-tracking-voluum-offer3.png]
[docs.exads.com/docs/assets/hires/conversion-tracking-voluum-campaign1.png]
[docs.exads.com/docs/assets/hires/conversion-tracking-voluum-campaign2.png]
[docs.exads.com/docs/assets/hires/conversion-tracking-voluum-campaign3.png]
[docs.exads.com/docs/assets/hires/conversion-tracking-voluum-campaign4.png]
[docs.exads.com/docs/conversion-tracking-voluum/index.html]
[docs.exads.com/docs/assets/hires/new-campaigns-list-still.png]
[docs.exads.com/docs/assets/hires/new-campaigns-list-filter.gif]
[docs.exads.com/docs/assets/hires/campaign-options.png]
[docs.exads.com/docs/assets/hires/campaign-edit.png]
[docs.exads.com/docs/assets/hires/campaign-statistics.png]
[docs.exads.com/docs/assets/hires/campaign-start.png]
[docs.exads.com/docs/assets/hires/campaign-copy-options.png]
[docs.exads.com/docs/assets/hires/new-campaigns-list-toggle.gif]
[docs.exads.com/docs/assets/hires/new-campaigns-list-group.gif]
[docs.exads.com/docs/assets/animated/1070ad-campaign-group.gif]
[docs.exads.com/docs/campaigns-list/index.html]
[docs.exads.com/docs/offer-landing-pages/index.html]
[docs.exads.com/docs/bidder/index.html]
[docs.exads.com/docs/media-library/index.html]
[docs.exads.com/docs/iframe-events/index.html]
[docs.exads.com/docs/third-party-adserving/index.html]
[docs.exads.com/docs/smart-bid-pricing-model/index.html]
[docs.exads.com/docs/advertiser-payments/index.html]
[docs.exads.com/docs/marketplace/index.html]
[docs.exads.com/docs/assets/hires/Publisher_setting_panel.png]
[docs.exads.com/docs/publisher-statistics/index.html]
[docs.exads.com/docs/assets/animated/1070new-site.gif]
[docs.exads.com/docs/assets/animated/1070new-site-details.gif]
[docs.exads.com/docs/assets/animated/1070site-verification.gif]
[docs.exads.com/docs/create-site/index.html]
[docs.exads.com/docs/assets/animated/1070new-zone.gif]
[docs.exads.com/docs/assets/animated/create-zone-step1.gif]
[docs.exads.com/docs/assets/hires/adformats/create-zone-multi-format-zone.png]
[docs.exads.com/docs/assets/hires/adformats/create-zone-multi-zone-tick-box.png]
[docs.exads.com/docs/assets/hires/adformats/multi-format-drop-down.png]
[docs.exads.com/docs/assets/hires/adformats/multi-format-single-zone.png]
[docs.exads.com/docs/assets/hires/adformats/multi-format-beside-above.png]
[docs.exads.com/docs/assets/hires/adformats/multi-format-banner-native.png]
[docs.exads.com/docs/assets/hires/multi-format-banner-cpm.png]
[docs.exads.com/docs/assets/hires/adformats/multi-format-show-selected.png]
[docs.exads.com/docs/assets/hires/czone6.png]
[docs.exads.com/docs/create-zone/dfi-mfi-iframe-loaded-events.md]
[docs.exads.com/docs/assets/hires/lifestyle-block.png]
[docs.exads.com/docs/assets/hires/pub2.png]
[docs.exads.com/docs/assets/hires/trigger-class-dropdown.png]
[docs.exads.com/docs/create-zone/index.html]
[docs.exads.com/docs/subids/index.html]
[docs.exads.com/docs/additional-subids/index.html]
[docs.exads.com/docs/using-tags/index.html]
[docs.exads.com/docs/data-ad-block-types/index.html]
[docs.exads.com/docs/dfi-mfi-display-notification-events/index.html]
[docs.exads.com/docs/dfi-mfi-html-events/index.html]
[docs.exads.com/docs/fpi-popunder-capping-option/index.html]
[docs.exads.com/docs/native-ad-setup/_/docs/assets/hires/adformats/native-recommendation-mobile-2.png_]
[docs.exads.com/docs/assets/hires/Native_Recommendation_Widget.png]
[docs.exads.com/docs/assets/hires/create-zone-native.png]
[docs.exads.com/docs/assets/hires/native/sca-step1.png]
[docs.exads.com/docs/assets/hires/native/sca-step2.png]
[docs.exads.com/docs/assets/hires/native/sca-step3.png]
[docs.exads.com/docs/assets/hires/native/sca-step4.png]
[docs.exads.com/docs/assets/hires/native/mobile-breaking-point.png]
[docs.exads.com/docs/assets/hires/native/sca-step6.png]
[docs.exads.com/docs/assets/hires/native/scb-step1.png]
[docs.exads.com/docs/assets/hires/native/scb-step2.png]
[docs.exads.com/docs/assets/hires/native/scb-step3.png]
[docs.exads.com/docs/assets/hires/native/scb-step4.png]
[docs.exads.com/docs/assets/hires/native/scb-step5.png]
[docs.exads.com/docs/assets/hires/native/scb-step7.png]
[docs.exads.com/docs/assets/hires/native/scc-step1.png]
[docs.exads.com/docs/assets/hires/native/scc-step2.png]
[docs.exads.com/docs/assets/hires/native/scc-step3.png]
[docs.exads.com/docs/assets/hires/native/scc-step4.png]
[docs.exads.com/docs/assets/hires/native/scc-step6.png]
[docs.exads.com/docs/assets/hires/native/unresponsive2.png]
[docs.exads.com/docs/assets/hires/native/unresponsive3.png]
[docs.exads.com/docs/assets/hires/custom-css-native.png]
[docs.exads.com/docs/assets/hires/native-ad-css-class.png]
[docs.exads.com/docs/assets/hires/native-ad-css-text-on-image.png]
[docs.exads.com/docs/assets/hires/native-ad-css-size-of-text-box.png]
[docs.exads.com/docs/assets/hires/native-ad-css-text-on-image-with-background.png]
[docs.exads.com/docs/assets/hires/native-ad-css-color-on-logo.png]
[docs.exads.com/docs/assets/hires/native-ad-css-logo-over-image.png]
[docs.exads.com/docs/assets/hires/native-ad-css-round-the-corners.png]
[docs.exads.com/docs/assets/hires/native-ad-css-other-options.png]
[docs.exads.com/docs/assets/hires/native-ad-css-change-padding.png]
[docs.exads.com/docs/assets/hires/native-ad-css-customise-background-color.png]
[docs.exads.com/docs/assets/hires/native-ad-css-set-border.png]
[docs.exads.com/docs/native-ad-setup/index.html]
[docs.exads.com/docs/assets/hires/campaign-types-advanced.png]
[docs.exads.com/docs/assets/hires/standard-internal-filter-statistics.png]
[docs.exads.com/docs/assets/hires/ad-exchange-statistics.png]
[docs.exads.com/docs/Publisher-IAB-TCFv2.0]
[docs.exads.com/docs/publisher-internal-campaign/index.html]
[docs.exads.com/docs/assets/hires/publisher-payments.png]
[docs.exads.com/docs/assets/hires/accountprofilepaymentsetting2.png]
[docs.exads.com/docs/publisher-payments/index.html]
[docs.exads.com/docs/assets/hires/referral-program-tab.png]
[docs.exads.com/docs/assets/hires/referral-program-update.png]
[docs.exads.com/docs/publisher-referral-program/index.html]
[docs.exads.com/docs/assets/hires/neverblock.png]
[docs.exads.com/docs/neverblock/index.html]
[docs.exads.com/docs/vast-introduction/index.html]
[docs.exads.com/docs/vast-tag/index.html]
[docs.exads.com/docs/vast-wrapper/index.html]
[docs.exads.com/docs/custom-tracking-urls/index.html]
[docs.exads.com/docs/ad-exchange-partners-advertisers/index.html]
[docs.exads.com/docs/assets/hires/rtb-publisher-rtb-enabled.png]
[docs.exads.com/docs/assets/hires/rtb-advertiser-exchange-campaign.png]
[docs.exads.com/docs/assets/hires/rtb-advertiser-exchange-options.png]
[docs.exads.com/docs/assets/hires/rtb-advertiser-exchange-endpoint.png]
[docs.exads.com/docs/assets/hires/rtb-advertiser-exchange-targeting.png]
[docs.exads.com/docs/assets/hires/rtb-advertiser-exchange-zones.png]
[docs.exads.com/docs/advertising-demand/index.html]
[docs.exads.com/docs/rtb-advertisers/open-rtb/open-rtb-advertisers/index.html]
[docs.exads.com/docs/rtb-advertisers/open-rtb/bid-request/open-rtb-advertisers-request/index.html]
[docs.exads.com/docs/assets/hires/crop_anchor_point.png]
[docs.exads.com/docs/rtb-advertisers/open-rtb/bid-response/open-rtb-advertisers-response/index.html]
[docs.exads.com/docs/open-rtb-2p5-adv-request-generic/index.html]
[docs.exads.com/docs/open-rtb-2p5-adv-response-generic/index.html]
[docs.exads.com/docs/open-rtb-advertisers-request-2p5/index.html]
[docs.exads.com/docs/open-rtb-advertisers-response-2p5/index.html]
[docs.exads.com/docs/assets/hires/integration-spreadsheet-example.png]
[docs.exads.com/docs/assets/hires/integrate-step1.png]
[docs.exads.com/docs/assets/hires/integrate-step2.png]
[docs.exads.com/docs/assets/hires/integrate-step3.png]
[docs.exads.com/docs/assets/hires/integrate-step4.png]
[docs.exads.com/docs/assets/hires/integrate-step5.png]
[docs.exads.com/docs/assets/hires/exads-integration-stats.png]
[docs.exads.com/docs/rtb-advertisers/exads-rtb/exads-rtb-advertisers/index.html]
[docs.exads.com/docs/rtb-advertisers/exads-rtb/bid-request/exads-rtb-advertisers-request/index.html]
[docs.exads.com/docs/rtb-advertisers/exads-rtb/bid-response/exads-rtb-advertisers-response/index.html]
[docs.exads.com/docs/ad-exchange-partners-publishers/index.html]
[docs.exads.com/docs/assets/hires/rtb-publisher-rtb-banner.png]
[docs.exads.com/docs/assets/hires/rtb-publisher-zone.png]
[docs.exads.com/docs/assets/hires/Snippet_for_rtb.png]
[docs.exads.com/docs/assets/hires/rtb-publisher-real-time-bidding.png]
[docs.exads.com/docs/publishing-supply/index.html]
[docs.exads.com/docs/rtb-publishers/open-rtb/open-rtb-publishers/index.html]
[docs.exads.com/docs/rtb-publishers/open-rtb/bid-request/open-rtb-publishers-request/index.html]
[docs.exads.com/docs/rtb-publishers/open-rtb/bid-response/open-rtb-publishers-response/index.html]
[docs.exads.com/docs/open-rtb-2p5-pub-request-generic/index.html]
[docs.exads.com/docs/open-rtb-2p5-pub-response-generic/index.html]
[docs.exads.com/docs/open-rtb-2p5-pub-request/index.html]
[docs.exads.com/docs/open-rtb-2p5-pub-response/index.html]
[docs.exads.com/docs/rtb-publishers/exads-rtb/exads-rtb-publishers/index.html]
[docs.exads.com/docs/rtb-publishers/exads-rtb/bid-request/exads-rtb-publishers-request/index.html]
[docs.exads.com/docs/rtb-publishers/exads-rtb/bid-response/exads-rtb-publishers-response/index.html]
[docs.exads.com/docs/rtb-advertisers/ip-networks/ip-networks/index.html]
[docs.exads.com/docs/assets/hires/list-api.jpg]
[docs.exads.com/docs/assets/hires/API-uses5.jpg]
[docs.exads.com/docs/assets/hires/api-1st.jpg]
[docs.exads.com/docs/assets/hires/api1.png]
[docs.exads.com/docs/assets/hires/api3.png]
[docs.exads.com/docs/assets/hires/2017-10-13_161038a.jpg]
[docs.exads.com/docs/assets/hires/2017-10-13_161051a.jpg]
[docs.exads.com/docs/assets/hires/Get-campaign-3.jpg]
[docs.exads.com/docs/assets/hires/Campaign-id-1.jpg]
[docs.exads.com/docs/assets/hires/response-body.jpg]
[docs.exads.com/docs/assets/hires/camp-pause2.jpg]
[docs.exads.com/docs/assets/hires/pause-1.jpg]
[docs.exads.com/docs/assets/hires/Campaign-id-2.jpg]
[docs.exads.com/docs/assets/hires/camp-put1.jpg]
[docs.exads.com/docs/assets/hires/1h.jpg]
[docs.exads.com/docs/assets/hires/1g.jpg]
[docs.exads.com/docs/developer-api/index.html]
[docs.exads.com/docs/api-manual-versions/index.html]
[docs.exads.com/docs/api-manual-interface/index.html]
[docs.exads.com/docs/api-manual-http-headers/index.html]
[docs.exads.com/docs/api-manual-http-verbs/index.html]
[docs.exads.com/docs/api-manual-returned-data/index.html]
[docs.exads.com/docs/api-manual-errors/index.html]
[docs.exads.com/docs/api-manual-macros/index.html]
[docs.exads.com/docs/api-manual-pagination/index.html]
[docs.exads.com/docs/api-manual-rate-limiting/index.html]
[docs.exads.com/docs/api-manual-changelog]
[docs.exads.com/docs/api-manual-global-stats/index.html]
[docs.exads.com/docs/api-manual-php-examples/index.html]
[docs.exads.com/docs/ad-placement-api-overview/index.html]
[docs.exads.com/docs/ad-plac-request/index.html]
[docs.exads.com/docs/ad-plac-response/index.html]
[docs.exads.com/docs/ad-plac-errors/index.html]
[docs.exads.com/docs/ad-plac-error-examples/index.html]
[docs.exads.com/docs/ad-plac-renderers/index.html]
[docs.exads.com/docs/conversion-tracking-api/index.html]
[docs.exads.com/docs/assets/hires/bitpaypayment.png]
[docs.exads.com/docs/blog-bitpay-payment-publishers/index.html]
[docs.exads.com/docs/assets/blog/safecharge-payment-method.png]
[docs.exads.com/docs/blog-auto-recharge-safecharge/index.html]
[docs.exads.com/docs/assets/hires/statistics-saving-filters-options.png]
[docs.exads.com/docs/assets/hires/statistics-saved-report.png]
[docs.exads.com/docs/assets/hires/statistics-update-saveas.png]
[docs.exads.com/docs/assets/hires/statistics-rename-delete.png]
[docs.exads.com/docs/blog-saving-filters-on-statistics/index.html]
[docs.exads.com/docs/assets/hires/unionpay.png]
[docs.exads.com/docs/blog-unionpay-with-safecharge-integration/index.html]
[docs.exads.com/docs/blog-bidder-improvements-for-targeting-zones/index.html]
[docs.exads.com/docs/blog-notifications-system/index.html]
[docs.exads.com/docs/blog-drag-and-drop-dashboard/index.html]
[docs.exads.com/docs/assets/blog/video-cta-advertiser.png]
[docs.exads.com/docs/assets/blog/video-cta-publisher.png]
[docs.exads.com/docs/blog-video-cta/index.html]
[docs.exads.com/docs/blog-adding-new-dashboards/index.html]
[docs.exads.com/docs/blog-safecharge-card-payments-integration/index.html]
[docs.exads.com/docs/assets/hires/circlepayment1.png]
[docs.exads.com/docs/blog-Circle-Advertiser-Payment/index.html]
[docs.exads.com/docs/assets/hires/conversion-tracking-goal-form.png]
[docs.exads.com/docs/assets/hires/conversion-tracking-statistics.png]
[docs.exads.com/docs/assets/hires/conversion-tracking-new-goal.png]
[docs.exads.com/docs/blog-conversion-tracking-improvements/index.html]
[docs.exads.com/docs/blog-IAB-TCFv2.0/index.html]
[docs.exads.com/docs/assets/hires/dash-custom-title.png]
[docs.exads.com/docs/blog-dashboard-custom-title/index.html]
[docs.exads.com/docs/assets/hires/Native-Campaigns-On-In-page-Push-and-Push-Notifications.png]
[docs.exads.com/docs/blog-Native-Campaigns-On-Push-and-In-page-Push-Notifications-Zones/index.html]
[docs.exads.com/docs/assets/hires/saved-cards.png]
[docs.exads.com/docs/blog-saved-cards-for-payment/index.html]
[docs.exads.com/docs/blog-changes-media-library/index.html]
[docs.exads.com/docs/assets/blog/shift4-payment-method.png]
[docs.exads.com/docs/blog-auto-recharge-card-payment/index.html]
[docs.exads.com/docs/assets/hires/circlepayment.png]
[docs.exads.com/docs/blog-Circle-Payment/index.html]
[docs.exads.com/docs/assets/hires/accountwide-blocking-sites.png]
[docs.exads.com/docs/blog-accountwide-blocking-sites/index.html]
[docs.exads.com/docs/assets/hires/bidder-example.png]
[docs.exads.com/docs/blog-bidder-improvements/index.html]
[docs.exads.com/docs/assets/hires/adformats/In-page-push-whatsnew.png]
[docs.exads.com/docs/assets/hires/Advertisers-In-page-push.png]
[docs.exads.com/docs/assets/hires/In-page-push-create-zone.png]
[docs.exads.com/docs/blog-In-page-Push-Notifications/index.html]
[docs.exads.com/docs/assets/blog/cpc-frequency-capping.png]
[docs.exads.com/docs/assets/blog/cpc-frequency-capping-enable.png]
[docs.exads.com/docs/blog-frequency-capping-cpc-campaigns/index.html]
[docs.exads.com/docs/assets/blog/step5-subid.png]
[docs.exads.com/docs/assets/blog/step5-subid-targeting.png]
[docs.exads.com/docs/assets/blog/step5-subIDaftertargetblock.png]
[docs.exads.com/docs/blog-subid-targeting/index.html]
[docs.exads.com/docs/assets/blog/dfi-new-zone-script.png]
[docs.exads.com/docs/blog-creativedisplayed-event/index.html]
[docs.exads.com/docs/blog-campaign-site-block-target/index.html]
[docs.exads.com/docs/assets/hires/multi-format-stats-zone-details.png]
[docs.exads.com/docs/assets/hires/multi-format-stats-sites-and-zones.png]
[docs.exads.com/docs/blog-multi-format-statistics/index.html]
[docs.exads.com/docs/assets/hires/adformats/multi-format-new-zone.png]
[docs.exads.com/docs/assets/hires/adformats/multi-zone-publisher-stats.png]
[docs.exads.com/docs/blog-multi-format-ad-zones/index.html]
[docs.exads.com/docs/blog-article-setting-up-multi-format-ad-zones/index.html]
[docs.exads.com/docs/assets/hires/blog-article-async-tags-image1.png]
[docs.exads.com/docs/assets/hires/blog-article-async-tags-image2.png]
[docs.exads.com/docs/blog-announce-async-tags/index.html]
[docs.exads.com/docs/blog-dash-filter/index.html]
[docs.exads.com/docs/assets/hires/exads-status-page.png]
[docs.exads.com/docs/blog-exads-status/index.html]
[docs.exads.com/docs/blog-article-async-tags/index.html]
[docs.exads.com/docs/assets/hires/outstream-video-example.png]
[docs.exads.com/docs/assets/hires/outstream-new.png]
[docs.exads.com/docs/assets/hires/advertiser-outstream-campaign.png]
[docs.exads.com/docs/blog-outstream-video/index.html]
[docs.exads.com/docs/blog-outstream-article/index.html]
[docs.exads.com/docs/assets/hires/desktop-fullpage-interstitial-example2.png]
[docs.exads.com/docs/blog-rtb-mobile-desktop/index.html]
[docs.exads.com/docs/assets/hires/rtb-email-clicks.png]
[docs.exads.com/docs/blog-rtb-email-clicks/index.html]
[docs.exads.com/docs/assets/hires/media-library-heavy-banner.png]
[docs.exads.com/docs/blog-heavy-banner-limits/index.html]
[docs.exads.com/docs/blog-ad-formats-cleanup/index.html]
[docs.exads.com/docs/assets/hires/desktop-fullpage-interstitial.png]
[docs.exads.com/docs/ad-zone-details/index.html]
[docs.exads.com/docs/assets/hires/desktop-fullpage-interstitial-example.png]
[docs.exads.com/docs/blog-desktop-interstitial/index.html]
[docs.exads.com/docs/assets/hires/blog-native-ads-changes.png]
[docs.exads.com/docs/blog-native-ads/index.html]
[docs.exads.com/docs/assets/hires/new-dashboard-dimensions.png]
[docs.exads.com/docs/blog-dashboard-dimensions/index.html]
[docs.exads.com/docs/assets/hires/google-compliance-removed.png]
[docs.exads.com/docs/blog-google-compliance/index.html]
[docs.exads.com/docs/assets/hires/archive-variation.png]
[docs.exads.com/docs/blog-archive-variations/index.html]
[docs.exads.com/docs/assets/hires/cpc-clicks-combo.png]
[docs.exads.com/docs/assets/hires/cpc-clicks-combo-callouts.png]
[docs.exads.com/docs/blog-dashboard-combo/index.html]
[docs.exads.com/docs/assets/hires/localised-languages.png]
[docs.exads.com/docs/blog-localisation-changes/index.html]
[docs.exads.com/docs/assets/hires/smart-cpm-floor.png]
[docs.exads.com/docs/blog-floor-pricing/index.html]
[docs.exads.com/docs/assets/hires/media-library-label.png]
[docs.exads.com/docs/blog-heavy-banner/index.html]
[docs.exads.com/docs/assets/hires/blog-media-library.png]
[docs.exads.com/docs/blog-media-library-video/index.html]
[docs.exads.com/docs/assets/hires/video-slider-screen-size.png]
[docs.exads.com/docs/assets/hires/density-examples.png]
[docs.exads.com/docs/blog-video-slider-density/index.html]
[docs.exads.com/docs/assets/hires/push-notifications-720x480.png]
[docs.exads.com/docs/assets/hires/push-notifications-worker.png]
[docs.exads.com/docs/blog-push-notifications-720x480/index.html]
[docs.exads.com/docs/assets/hires/dash-custom-adv.png]
[docs.exads.com/docs/blog-dashboard-customization/index.html]
[docs.exads.com/docs/assets/hires/smart-cpc-option.png]
[docs.exads.com/docs/blog-smart-cpc/index.html]
[docs.exads.com/docs/assets/hires/clicks-frequency.png]
[docs.exads.com/docs/blog-click-frequency/index.html]
[docs.exads.com/docs/blog-creatives-optimization/index.html]
[docs.exads.com/docs/assets/blog/mobile-fullpage-interstitial-chrome.png]
[docs.exads.com/docs/blog-chrome-only/index.html]
[docs.exads.com/docs/assets/blog/hour-day-intervals.png]
[docs.exads.com/docs/blog-hour-day-intervals/index.html]
[docs.exads.com/docs/assets/blog/mobile-interstitial-zone.png]
[docs.exads.com/docs/blog-mobile-interstitial/index.html]
[docs.exads.com/docs/assets/blog/campaign-flow.png]
[docs.exads.com/docs/blog-campaign-flow-updates/index.html]
[docs.exads.com/docs/assets/blog/chrome-popunder.png]
[docs.exads.com/docs/blog-chrome-popup/index.html]
[docs.exads.com/docs/assets/blog/rtb-wins-url.png]
[docs.exads.com/docs/blog-rtb-wins-notice/index.html]
[docs.exads.com/docs/assets/blog/daily-impressions-fullscreen.png]
[docs.exads.com/docs/assets/blog/impressions-delivery-mode.png]
[docs.exads.com/docs/blog-impressions-delivery-mode/index.html]
[docs.exads.com/docs/assets/blog/table-data-copy-data-large.png]
[docs.exads.com/docs/assets/hires/table-data-copy-data.png]
[docs.exads.com/docs/blog-copy-visible-data/index.html]
[docs.exads.com/docs/assets/blog/advertiser-ad-format-tab.png]
[docs.exads.com/docs/assets/blog/advertiser-filter-ad-format.png]
[docs.exads.com/docs/assets/blog/publisher-filter-zone-type.png]
[docs.exads.com/docs/assets/blog/publisher-zone-type-filter.png]
[docs.exads.com/docs/blog-format-filtering/index.html]
[docs.exads.com/docs/assets/blog/vr-statistics.png]
[docs.exads.com/docs/blog-vr-detection/index.html]
[docs.exads.com/docs/assets/blog/browser-detection.png]
[docs.exads.com/docs/blog-browser-detection/index.html]
[docs.exads.com/docs/assets/blog/media-library-tab.png]
[docs.exads.com/docs/blog-media-library/index.html]
[docs.exads.com/docs/assets/blog/dynamic-tokens.png]
[docs.exads.com/docs/blog-dynamic-tokens/index.html]
[docs.exads.com/docs/assets/blog/bulk-update-campaign.png]
[docs.exads.com/docs/blog-bulk-update/index.html]
[docs.exads.com/docs/assets/blog/os-device-changes.png]
[docs.exads.com/docs/blog-os-device-detection/index.html]
[docs.exads.com/docs/blog-cpc-changes/index.html]
[docs.exads.com/docs/assets/blog/rtb-direct-link.png]
[docs.exads.com/docs/blog-rtb-direct-link/index.html]
[docs.exads.com/docs/assets/blog/campaigns-list-post.png]
[docs.exads.com/docs/blog-ui-changes/index.html]
[docs.exads.com/docs/assets/hires/new-campaigns-list-toggle.gif]
[docs.exads.com/docs/assets/animated/1070ad-campaign-group.gif]
[docs.exads.com/docs/create-zone/dfi-mfi-iframe-loaded-events.html]
[docs.exads.com/docs/native-ad-setup/_/docs/assets/hires/adformats/native-recommendation-mobile-2.html]
[docs.exads.com/docs/Publisher-IAB-TCFv2.html]
[docs.exads.com/docs/api-manual-changelog.html]
[docs.exads.com/docs/blog-article-setting-up-multi-format-ad-zones/index.html]
[docs.exads.com/docs/blog-article-async-tags/index.html]
[docs.exads.com/docs/blog-outstream-article/index.html]
[docs.exads.com/docs/ad-zone-details/index.html]
[docs.exads.com/docs/assets/hires/new-campaigns-list-group.gif]
[docs.exads.com/docs/assets/hires/campaign-status.png]
[docs.exads.com/docs/assets/hires/campaigns-list-column-settings.png]
[docs.exads.com/docs/assets/hires/bulk-update-new-flow.png]
[docs.exads.com/docs/assets/hires/campaigns-list-landing-pages.png]
[docs.exads.com/docs/assets/animated/1070create-landing-page-group.gif]
[docs.exads.com/docs/assets/animated/1070edit-landing-page-group.gif]
[docs.exads.com/docs/assets/hires/offer4.png]
[docs.exads.com/docs/assets/hires/copyoffer.png]
[docs.exads.com/docs/assets/hires/bidder-main.png]
[docs.exads.com/docs/assets/hires/bidder-data-period.png]
[docs.exads.com/docs/assets/hires/bidder-automatic-bidding-optimization.png]
[docs.exads.com/docs/assets/hires/bidder-automatic-bidding-optimization-methods.png]
[docs.exads.com/docs/assets/hires/bidder-automatic-bidding-Maximum-test-budget.png]
[docs.exads.com/docs/assets/hires/bidder-enabled-new-flow.png]
[docs.exads.com/docs/assets/hires/bidder-blocking-rules.png]
[docs.exads.com/docs/assets/hires/bidder6.png]
[docs.exads.com/docs/assets/hires/bidder-history-using.png]
[docs.exads.com/docs/assets/hires/bidder8.png]
[docs.exads.com/docs/assets/hires/bidder-network-selection.png]
[docs.exads.com/docs/assets/hires/media-library-example2.png]
[docs.exads.com/docs/assets/hires/step2-htmltags-advariation.png]
[docs.exads.com/docs/assets/hires/smart-bid-maximize-volume-bid-optimization.png]
[docs.exads.com/docs/assets/hires/smart-bid-maximize-cpa-roas-bid-optimization.png]
[docs.exads.com/docs/assets/hires/payments-tab.png]
[docs.exads.com/docs/assets/hires/payments-debitcredit.png]
[docs.exads.com/docs/assets/hires/payments-alternativedebitcredit.png]
[docs.exads.com/docs/assets/hires/payments-unionpay.png]
[docs.exads.com/docs/assets/hires/payments-paypal.png]
[docs.exads.com/docs/assets/hires/payments-wire-transfer.png]
[docs.exads.com/docs/assets/hires/payments-paxum.png]
[docs.exads.com/docs/assets/hires/payments-webmoney.png]
[docs.exads.com/docs/assets/hires/circlepay2.png]
[docs.exads.com/docs/assets/hires/nuvei.png]
[docs.exads.com/docs/assets/hires/xbo.png]
[docs.exads.com/docs/assets/hires/Marketplace_view.png]
[docs.exads.com/docs/assets/hires/sites-blacklist-marketplace.png]
[docs.exads.com/docs/assets/animated/pub-stats-march.gif]
[docs.exads.com/docs/assets/hires/pub-stats-headers.png]
[docs.exads.com/docs/assets/hires/Publishers_saving_report.png]
[docs.exads.com/docs/assets/hires/Publishers_savereport_filters.png]
[docs.exads.com/docs/assets/hires/pub-statistics-graph-choose.png]
[docs.exads.com/docs/assets/hires/Publisher_Table_Data_Panel.png]
[docs.exads.com/docs/assets/hires/select-ad-destination.png]
[docs.exads.com/docs/assets/blog/distribution-algorithm.png]
